

================================================================
== Vivado HLS Report for 'knn_vote'
================================================================
* Date:           Tue Feb 20 21:14:26 2018

* Version:        2017.4 (Build 2086221 on Fri Dec 15 21:13:33 MST 2017)
* Project:        3-nn.prj
* Solution:       solution1
* Product family: zynq
* Target device:  xc7z020clg484-1


================================================================
== Performance Estimates
================================================================
+ Timing (ns): 
    * Summary: 
    +--------+-------+----------+------------+
    |  Clock | Target| Estimated| Uncertainty|
    +--------+-------+----------+------------+
    |ap_clk  |  10.00|      4.24|        1.25|
    +--------+-------+----------+------------+

+ Latency (clock cycles): 
    * Summary: 
    +-----+-----+-----+-----+---------+
    |  Latency  |  Interval | Pipeline|
    | min | max | min | max |   Type  |
    +-----+-----+-----+-----+---------+
    |   81|   81|   81|   81|   none  |
    +-----+-----+-----+-----+---------+

    + Detail: 
        * Instance: 
        N/A

        * Loop: 
        +-------------+-----+-----+----------+-----------+-----------+------+----------+
        |             |  Latency  | Iteration|  Initiation Interval  | Trip |          |
        |  Loop Name  | min | max |  Latency |  achieved |   target  | Count| Pipelined|
        +-------------+-----+-----+----------+-----------+-----------+------+----------+
        |- Loop 1     |   80|   80|         8|          -|          -|    10|    no    |
        | + Loop 1.1  |    6|    6|         2|          -|          -|     3|    no    |
        +-------------+-----+-----+----------+-----------+-----------+------+----------+

============================================================
+ Verbose Summary: Synthesis Manager
============================================================
InlineROM: 1
ExposeGlobal: 0
============================================================
+ Verbose Summary: CDFG Model
============================================================
IsTopModel: 0
ResetActiveHigh: 1
IsCombinational: 0
IsDatapathOnly: 0
HasWiredReturn: 1
HasMFsm: 0
HasVarLatency: 1
IsPipeline: 0
IsRtlPipelined: 0
IsInstanceOverlapped: 0
IsDontTouch: 0
HasImplIP: 0
IsGatedGlobalClock: 0


============================================================
+ Verbose Summary: Schedule
============================================================
* Number of FSM states : 4
* Pipeline : 0
* Dataflow Pipeline: 0

* FSM state transitions: 
1 --> 
	2  / true
2 --> 
	3  / (!exitcond7)
3 --> 
	4  / (!exitcond)
	2  / (exitcond)
4 --> 
	3  / true

* FSM state operations: 

 <State 1> : 1.77ns
ST_1 : Operation 5 [1/1] (1.76ns)   --->   "br label %1" [digitrec.cpp:121]

 <State 2> : 1.83ns
ST_2 : Operation 6 [1/1] (0.00ns)   --->   "%min_sum_distances = phi i32 [ 150, %0 ], [ %sum_distances_1_min_s, %3 ]" [digitrec.cpp:125]
ST_2 : Operation 7 [1/1] (0.00ns)   --->   "%val_assign = phi i32 [ undef, %0 ], [ %i_0_digit_recognized, %3 ]" [digitrec.cpp:125]
ST_2 : Operation 8 [1/1] (0.00ns)   --->   "%digit_recognized = phi i4 [ 0, %0 ], [ %i, %3 ]"
ST_2 : Operation 9 [1/1] (0.00ns)   --->   "%digit_recognized_cas = zext i4 %digit_recognized to i32" [digitrec.cpp:127]
ST_2 : Operation 10 [1/1] (1.30ns)   --->   "%exitcond7 = icmp eq i4 %digit_recognized, -6" [digitrec.cpp:121]   --->   Core 25 'Cmp' <Latency = 0> <II = 1> <Delay = 2.47> <FuncUnit> <Opcode : 'icmp'> <InPorts = 2> <OutPorts = 1>
ST_2 : Operation 11 [1/1] (0.00ns)   --->   "%empty = call i32 (...)* @_ssdm_op_SpecLoopTripCount(i64 10, i64 10, i64 10)"
ST_2 : Operation 12 [1/1] (1.73ns)   --->   "%i = add i4 %digit_recognized, 1" [digitrec.cpp:121]   --->   Core 14 'AddSub' <Latency = 0> <II = 1> <Delay = 1.91> <FuncUnit> <Opcode : 'add' 'sub'> <InPorts = 2> <OutPorts = 1>
ST_2 : Operation 13 [1/1] (0.00ns)   --->   "br i1 %exitcond7, label %4, label %.preheader.preheader" [digitrec.cpp:121]
ST_2 : Operation 14 [1/1] (0.00ns)   --->   "%tmp_cast = zext i4 %digit_recognized to i6" [digitrec.cpp:121]
ST_2 : Operation 15 [1/1] (0.00ns)   --->   "%tmp = call i6 @_ssdm_op_BitConcatenate.i6.i4.i2(i4 %digit_recognized, i2 0)" [digitrec.cpp:121]
ST_2 : Operation 16 [1/1] (1.82ns)   --->   "%tmp_4 = sub i6 %tmp, %tmp_cast" [digitrec.cpp:123]   --->   Core 14 'AddSub' <Latency = 0> <II = 1> <Delay = 1.91> <FuncUnit> <Opcode : 'add' 'sub'> <InPorts = 2> <OutPorts = 1>
ST_2 : Operation 17 [1/1] (1.76ns)   --->   "br label %.preheader" [digitrec.cpp:126]
ST_2 : Operation 18 [1/1] (0.00ns)   --->   "%tmp_6 = trunc i32 %val_assign to i4" [digitrec.cpp:131]
ST_2 : Operation 19 [1/1] (0.00ns)   --->   "ret i4 %tmp_6" [digitrec.cpp:131]

 <State 3> : 4.15ns
ST_3 : Operation 20 [1/1] (0.00ns)   --->   "%min_sum_distances_1 = phi i8 [ %sum_distances, %2 ], [ 0, %.preheader.preheader ]"
ST_3 : Operation 21 [1/1] (0.00ns)   --->   "%j = phi i2 [ %j_1, %2 ], [ 0, %.preheader.preheader ]"
ST_3 : Operation 22 [1/1] (0.95ns)   --->   "%exitcond = icmp eq i2 %j, -1" [digitrec.cpp:122]   --->   Core 25 'Cmp' <Latency = 0> <II = 1> <Delay = 2.47> <FuncUnit> <Opcode : 'icmp'> <InPorts = 2> <OutPorts = 1>
ST_3 : Operation 23 [1/1] (0.00ns)   --->   "%empty_4 = call i32 (...)* @_ssdm_op_SpecLoopTripCount(i64 3, i64 3, i64 3)"
ST_3 : Operation 24 [1/1] (1.56ns)   --->   "%j_1 = add i2 %j, 1" [digitrec.cpp:122]   --->   Core 14 'AddSub' <Latency = 0> <II = 1> <Delay = 1.91> <FuncUnit> <Opcode : 'add' 'sub'> <InPorts = 2> <OutPorts = 1>
ST_3 : Operation 25 [1/1] (0.00ns)   --->   "br i1 %exitcond, label %3, label %2" [digitrec.cpp:122]
ST_3 : Operation 26 [1/1] (0.00ns)   --->   "%tmp_2_cast = zext i2 %j to i6" [digitrec.cpp:123]
ST_3 : Operation 27 [1/1] (1.82ns)   --->   "%tmp_5 = add i6 %tmp_4, %tmp_2_cast" [digitrec.cpp:123]   --->   Core 14 'AddSub' <Latency = 0> <II = 1> <Delay = 1.91> <FuncUnit> <Opcode : 'add' 'sub'> <InPorts = 2> <OutPorts = 1>
ST_3 : Operation 28 [1/1] (0.00ns)   --->   "%tmp_5_cast = sext i6 %tmp_5 to i64" [digitrec.cpp:123]
ST_3 : Operation 29 [1/1] (0.00ns)   --->   "%knn_set_V_addr = getelementptr [30 x i6]* %knn_set_V, i64 0, i64 %tmp_5_cast" [digitrec.cpp:123]
ST_3 : Operation 30 [2/2] (2.32ns)   --->   "%knn_set_V_load = load i6* %knn_set_V_addr, align 1" [digitrec.cpp:123]   --->   Core 37 'RAM' <Latency = 1> <II = 1> <Delay = 2.32> <Storage> <Opcode : 'load' 'store'> <Ports = 2> <Width = 6> <Depth = 30> <RAM>
ST_3 : Operation 31 [1/1] (0.00ns)   --->   "%min_sum_distances_1_s = zext i8 %min_sum_distances_1 to i32" [digitrec.cpp:126]
ST_3 : Operation 32 [1/1] (2.47ns)   --->   "%tmp_1 = icmp slt i32 %min_sum_distances_1_s, %min_sum_distances" [digitrec.cpp:125]   --->   Core 25 'Cmp' <Latency = 0> <II = 1> <Delay = 2.47> <FuncUnit> <Opcode : 'icmp'> <InPorts = 2> <OutPorts = 1>
ST_3 : Operation 33 [1/1] (1.37ns)   --->   "%sum_distances_1_min_s = select i1 %tmp_1, i32 %min_sum_distances_1_s, i32 %min_sum_distances" [digitrec.cpp:125]   --->   Core 26 'Sel' <Latency = 0> <II = 1> <Delay = 1.37> <FuncUnit> <Opcode : 'select'> <InPorts = 3> <OutPorts = 1>
ST_3 : Operation 34 [1/1] (1.37ns)   --->   "%i_0_digit_recognized = select i1 %tmp_1, i32 %digit_recognized_cas, i32 %val_assign" [digitrec.cpp:125]   --->   Core 26 'Sel' <Latency = 0> <II = 1> <Delay = 1.37> <FuncUnit> <Opcode : 'select'> <InPorts = 3> <OutPorts = 1>
ST_3 : Operation 35 [1/1] (0.00ns)   --->   "br label %1" [digitrec.cpp:121]

 <State 4> : 4.24ns
ST_4 : Operation 36 [1/2] (2.32ns)   --->   "%knn_set_V_load = load i6* %knn_set_V_addr, align 1" [digitrec.cpp:123]   --->   Core 37 'RAM' <Latency = 1> <II = 1> <Delay = 2.32> <Storage> <Opcode : 'load' 'store'> <Ports = 2> <Width = 6> <Depth = 30> <RAM>
ST_4 : Operation 37 [1/1] (0.00ns)   --->   "%tmp_3_cast = zext i6 %knn_set_V_load to i8" [digitrec.cpp:123]
ST_4 : Operation 38 [1/1] (1.91ns)   --->   "%sum_distances = add i8 %min_sum_distances_1, %tmp_3_cast" [digitrec.cpp:123]   --->   Core 14 'AddSub' <Latency = 0> <II = 1> <Delay = 1.91> <FuncUnit> <Opcode : 'add' 'sub'> <InPorts = 2> <OutPorts = 1>
ST_4 : Operation 39 [1/1] (0.00ns)   --->   "br label %.preheader" [digitrec.cpp:122]


============================================================
+ Verbose Summary: Binding
============================================================
STG Binding: 
---------------- STG Properties BEGIN ----------------
- Is combinational: 0
- Is one-state seq: 0
- Is datapath-only: 0
- Is pipelined: 0
- Is top level: 0
Port [ Return ] is wired: 1; IO mode=ap_ctrl_hs:ce=0
Port [ knn_set_V]:  wired=1; compound=1; hidden=0; nouse=0; global=0; static=0; extern=0; dir=0; type=1; pingpong=0; private_global=0; MemPort=[13]; IO mode=ap_memory:ce=0
---------------- STG Properties END ------------------

---------------- Datapath Model BEGIN ----------------

<LifeTime>
<method=bitvector/>
StgValue_5            (br               ) [ 01111]
min_sum_distances     (phi              ) [ 00111]
val_assign            (phi              ) [ 00111]
digit_recognized      (phi              ) [ 00100]
digit_recognized_cas  (zext             ) [ 00011]
exitcond7             (icmp             ) [ 00111]
empty                 (speclooptripcount) [ 00000]
i                     (add              ) [ 01111]
StgValue_13           (br               ) [ 00000]
tmp_cast              (zext             ) [ 00000]
tmp                   (bitconcatenate   ) [ 00000]
tmp_4                 (sub              ) [ 00011]
StgValue_17           (br               ) [ 00111]
tmp_6                 (trunc            ) [ 00000]
StgValue_19           (ret              ) [ 00000]
min_sum_distances_1   (phi              ) [ 00011]
j                     (phi              ) [ 00010]
exitcond              (icmp             ) [ 00111]
empty_4               (speclooptripcount) [ 00000]
j_1                   (add              ) [ 00111]
StgValue_25           (br               ) [ 00000]
tmp_2_cast            (zext             ) [ 00000]
tmp_5                 (add              ) [ 00000]
tmp_5_cast            (sext             ) [ 00000]
knn_set_V_addr        (getelementptr    ) [ 00001]
min_sum_distances_1_s (zext             ) [ 00000]
tmp_1                 (icmp             ) [ 00000]
sum_distances_1_min_s (select           ) [ 01111]
i_0_digit_recognized  (select           ) [ 01111]
StgValue_35           (br               ) [ 01111]
knn_set_V_load        (load             ) [ 00000]
tmp_3_cast            (zext             ) [ 00000]
sum_distances         (add              ) [ 00111]
StgValue_39           (br               ) [ 00111]
</LifeTime>

<model>

<comp_list>
<comp id="0" class="1000" name="knn_set_V">
<pin_list>
<pin id="1" dir="1" index="0" bw="1" slack="0"/>
</pin_list>
<bind>
<StgValue><ssdm name="knn_set_V"/><MemPortTyVec>1 3 </MemPortTyVec>
</StgValue>
</bind>
</comp>

<comp id="2" class="1001" name="const_2">
<pin_list>
<pin id="3" dir="1" index="0" bw="1" slack="1"/>
</pin_list>
<bind>
<StgValue><ssdm name=""/></StgValue>
</bind>
</comp>

<comp id="4" class="1001" name="const_4">
<pin_list>
<pin id="5" dir="1" index="0" bw="1" slack="1"/>
</pin_list>
<bind>
<StgValue><ssdm name=""/></StgValue>
</bind>
</comp>

<comp id="6" class="1001" name="const_6">
<pin_list>
<pin id="7" dir="1" index="0" bw="1" slack="1"/>
</pin_list>
<bind>
<StgValue><ssdm name=""/></StgValue>
</bind>
</comp>

<comp id="8" class="1001" name="const_8">
<pin_list>
<pin id="9" dir="1" index="0" bw="1" slack="0"/>
</pin_list>
<bind>
<StgValue><ssdm name=""/></StgValue>
</bind>
</comp>

<comp id="10" class="1001" name="const_10">
<pin_list>
<pin id="11" dir="1" index="0" bw="1" slack="2147483647"/>
</pin_list>
<bind>
<StgValue><ssdm name="_ssdm_op_SpecLoopTripCount"/></StgValue>
</bind>
</comp>

<comp id="12" class="1001" name="const_12">
<pin_list>
<pin id="13" dir="1" index="0" bw="1" slack="2147483647"/>
</pin_list>
<bind>
<StgValue><ssdm name=""/></StgValue>
</bind>
</comp>

<comp id="14" class="1001" name="const_14">
<pin_list>
<pin id="15" dir="1" index="0" bw="1" slack="0"/>
</pin_list>
<bind>
<StgValue><ssdm name=""/></StgValue>
</bind>
</comp>

<comp id="16" class="1001" name="const_16">
<pin_list>
<pin id="17" dir="1" index="0" bw="1" slack="0"/>
</pin_list>
<bind>
<StgValue><ssdm name="_ssdm_op_BitConcatenate.i6.i4.i2"/></StgValue>
</bind>
</comp>

<comp id="18" class="1001" name="const_18">
<pin_list>
<pin id="19" dir="1" index="0" bw="1" slack="0"/>
</pin_list>
<bind>
<StgValue><ssdm name=""/></StgValue>
</bind>
</comp>

<comp id="20" class="1001" name="const_20">
<pin_list>
<pin id="21" dir="1" index="0" bw="1" slack="1"/>
</pin_list>
<bind>
<StgValue><ssdm name=""/></StgValue>
</bind>
</comp>

<comp id="22" class="1001" name="const_22">
<pin_list>
<pin id="23" dir="1" index="0" bw="1" slack="0"/>
</pin_list>
<bind>
<StgValue><ssdm name=""/></StgValue>
</bind>
</comp>

<comp id="24" class="1001" name="const_24">
<pin_list>
<pin id="25" dir="1" index="0" bw="1" slack="2147483647"/>
</pin_list>
<bind>
<StgValue><ssdm name=""/></StgValue>
</bind>
</comp>

<comp id="26" class="1001" name="const_26">
<pin_list>
<pin id="27" dir="1" index="0" bw="1" slack="0"/>
</pin_list>
<bind>
<StgValue><ssdm name=""/></StgValue>
</bind>
</comp>

<comp id="28" class="1001" name="const_28">
<pin_list>
<pin id="29" dir="1" index="0" bw="1" slack="0"/>
</pin_list>
<bind>
<StgValue><ssdm name=""/></StgValue>
</bind>
</comp>

<comp id="30" class="1004" name="knn_set_V_addr_gep_fu_30">
<pin_list>
<pin id="31" dir="0" index="0" bw="6" slack="0"/>
<pin id="32" dir="0" index="1" bw="1" slack="0"/>
<pin id="33" dir="0" index="2" bw="6" slack="0"/>
<pin id="34" dir="1" index="3" bw="5" slack="0"/>
</pin_list>
<bind>
<opcode="getelementptr(29) " fcode="getelementptr"/>
<opset="knn_set_V_addr/3 "/>
</bind>
</comp>

<comp id="37" class="1004" name="grp_access_fu_37">
<pin_list>
<pin id="38" dir="0" index="0" bw="5" slack="0"/>
<pin id="39" dir="0" index="1" bw="6" slack="2147483647"/>
<pin id="40" dir="1" index="2" bw="6" slack="0"/>
</pin_list>
<bind>
<opcode="load(27) " fcode="load"/>
<opset="knn_set_V_load/3 "/>
</bind>
</comp>

<comp id="42" class="1005" name="min_sum_distances_reg_42">
<pin_list>
<pin id="43" dir="0" index="0" bw="32" slack="1"/>
<pin id="44" dir="1" index="1" bw="32" slack="1"/>
</pin_list>
<bind>
<opset="min_sum_distances (phireg) "/>
</bind>
</comp>

<comp id="46" class="1004" name="min_sum_distances_phi_fu_46">
<pin_list>
<pin id="47" dir="0" index="0" bw="9" slack="1"/>
<pin id="48" dir="0" index="1" bw="0" slack="2147483647"/>
<pin id="49" dir="0" index="2" bw="32" slack="1"/>
<pin id="50" dir="0" index="3" bw="0" slack="2147483647"/>
<pin id="51" dir="1" index="4" bw="32" slack="1"/>
</pin_list>
<bind>
<opcode="phi(47) " fcode="phi"/>
<opset="min_sum_distances/2 "/>
</bind>
</comp>

<comp id="54" class="1005" name="val_assign_reg_54">
<pin_list>
<pin id="55" dir="0" index="0" bw="32" slack="1"/>
<pin id="56" dir="1" index="1" bw="32" slack="1"/>
</pin_list>
<bind>
<opset="val_assign (phireg) "/>
</bind>
</comp>

<comp id="58" class="1004" name="val_assign_phi_fu_58">
<pin_list>
<pin id="59" dir="0" index="0" bw="1" slack="1"/>
<pin id="60" dir="0" index="1" bw="0" slack="2147483647"/>
<pin id="61" dir="0" index="2" bw="32" slack="1"/>
<pin id="62" dir="0" index="3" bw="0" slack="2147483647"/>
<pin id="63" dir="1" index="4" bw="32" slack="0"/>
</pin_list>
<bind>
<opcode="phi(47) " fcode="phi"/>
<opset="val_assign/2 "/>
</bind>
</comp>

<comp id="66" class="1005" name="digit_recognized_reg_66">
<pin_list>
<pin id="67" dir="0" index="0" bw="4" slack="1"/>
<pin id="68" dir="1" index="1" bw="4" slack="1"/>
</pin_list>
<bind>
<opset="digit_recognized (phireg) "/>
</bind>
</comp>

<comp id="70" class="1004" name="digit_recognized_phi_fu_70">
<pin_list>
<pin id="71" dir="0" index="0" bw="1" slack="1"/>
<pin id="72" dir="0" index="1" bw="0" slack="2147483647"/>
<pin id="73" dir="0" index="2" bw="4" slack="0"/>
<pin id="74" dir="0" index="3" bw="0" slack="2147483647"/>
<pin id="75" dir="1" index="4" bw="4" slack="0"/>
</pin_list>
<bind>
<opcode="phi(47) " fcode="phi"/>
<opset="digit_recognized/2 "/>
</bind>
</comp>

<comp id="77" class="1005" name="min_sum_distances_1_reg_77">
<pin_list>
<pin id="78" dir="0" index="0" bw="8" slack="1"/>
<pin id="79" dir="1" index="1" bw="8" slack="1"/>
</pin_list>
<bind>
<opset="min_sum_distances_1 (phireg) "/>
</bind>
</comp>

<comp id="81" class="1004" name="min_sum_distances_1_phi_fu_81">
<pin_list>
<pin id="82" dir="0" index="0" bw="8" slack="1"/>
<pin id="83" dir="0" index="1" bw="0" slack="2147483647"/>
<pin id="84" dir="0" index="2" bw="1" slack="1"/>
<pin id="85" dir="0" index="3" bw="0" slack="2147483647"/>
<pin id="86" dir="1" index="4" bw="8" slack="0"/>
</pin_list>
<bind>
<opcode="phi(47) " fcode="phi"/>
<opset="min_sum_distances_1/3 "/>
</bind>
</comp>

<comp id="89" class="1005" name="j_reg_89">
<pin_list>
<pin id="90" dir="0" index="0" bw="2" slack="1"/>
<pin id="91" dir="1" index="1" bw="2" slack="1"/>
</pin_list>
<bind>
<opset="j (phireg) "/>
</bind>
</comp>

<comp id="93" class="1004" name="j_phi_fu_93">
<pin_list>
<pin id="94" dir="0" index="0" bw="2" slack="0"/>
<pin id="95" dir="0" index="1" bw="0" slack="2147483647"/>
<pin id="96" dir="0" index="2" bw="1" slack="1"/>
<pin id="97" dir="0" index="3" bw="0" slack="2147483647"/>
<pin id="98" dir="1" index="4" bw="2" slack="0"/>
</pin_list>
<bind>
<opcode="phi(47) " fcode="phi"/>
<opset="j/3 "/>
</bind>
</comp>

<comp id="100" class="1004" name="digit_recognized_cas_fu_100">
<pin_list>
<pin id="101" dir="0" index="0" bw="4" slack="0"/>
<pin id="102" dir="1" index="1" bw="32" slack="1"/>
</pin_list>
<bind>
<opcode="zext(34) " fcode="zext"/>
<opset="digit_recognized_cas/2 "/>
</bind>
</comp>

<comp id="104" class="1004" name="exitcond7_fu_104">
<pin_list>
<pin id="105" dir="0" index="0" bw="4" slack="0"/>
<pin id="106" dir="0" index="1" bw="4" slack="0"/>
<pin id="107" dir="1" index="2" bw="1" slack="2147483647"/>
</pin_list>
<bind>
<opcode="icmp(45) " fcode="icmp"/>
<opset="exitcond7/2 "/>
</bind>
</comp>

<comp id="110" class="1004" name="i_fu_110">
<pin_list>
<pin id="111" dir="0" index="0" bw="4" slack="0"/>
<pin id="112" dir="0" index="1" bw="1" slack="0"/>
<pin id="113" dir="1" index="2" bw="4" slack="0"/>
</pin_list>
<bind>
<opcode="add(8) " fcode="add"/>
<opset="i/2 "/>
</bind>
</comp>

<comp id="116" class="1004" name="tmp_cast_fu_116">
<pin_list>
<pin id="117" dir="0" index="0" bw="4" slack="0"/>
<pin id="118" dir="1" index="1" bw="6" slack="0"/>
</pin_list>
<bind>
<opcode="zext(34) " fcode="zext"/>
<opset="tmp_cast/2 "/>
</bind>
</comp>

<comp id="120" class="1004" name="tmp_fu_120">
<pin_list>
<pin id="121" dir="0" index="0" bw="6" slack="0"/>
<pin id="122" dir="0" index="1" bw="4" slack="0"/>
<pin id="123" dir="0" index="2" bw="1" slack="0"/>
<pin id="124" dir="1" index="3" bw="6" slack="0"/>
</pin_list>
<bind>
<opcode="bitconcatenate(1004) " fcode="bitconcatenate"/>
<opset="tmp/2 "/>
</bind>
</comp>

<comp id="128" class="1004" name="tmp_4_fu_128">
<pin_list>
<pin id="129" dir="0" index="0" bw="6" slack="0"/>
<pin id="130" dir="0" index="1" bw="4" slack="0"/>
<pin id="131" dir="1" index="2" bw="6" slack="1"/>
</pin_list>
<bind>
<opcode="sub(10) " fcode="sub"/>
<opset="tmp_4/2 "/>
</bind>
</comp>

<comp id="134" class="1004" name="tmp_6_fu_134">
<pin_list>
<pin id="135" dir="0" index="0" bw="32" slack="0"/>
<pin id="136" dir="1" index="1" bw="4" slack="2147483647"/>
</pin_list>
<bind>
<opcode="trunc(33) " fcode="trunc"/>
<opset="tmp_6/2 "/>
</bind>
</comp>

<comp id="138" class="1004" name="exitcond_fu_138">
<pin_list>
<pin id="139" dir="0" index="0" bw="2" slack="0"/>
<pin id="140" dir="0" index="1" bw="1" slack="0"/>
<pin id="141" dir="1" index="2" bw="1" slack="2147483647"/>
</pin_list>
<bind>
<opcode="icmp(45) " fcode="icmp"/>
<opset="exitcond/3 "/>
</bind>
</comp>

<comp id="144" class="1004" name="j_1_fu_144">
<pin_list>
<pin id="145" dir="0" index="0" bw="2" slack="0"/>
<pin id="146" dir="0" index="1" bw="1" slack="0"/>
<pin id="147" dir="1" index="2" bw="2" slack="0"/>
</pin_list>
<bind>
<opcode="add(8) " fcode="add"/>
<opset="j_1/3 "/>
</bind>
</comp>

<comp id="150" class="1004" name="tmp_2_cast_fu_150">
<pin_list>
<pin id="151" dir="0" index="0" bw="2" slack="0"/>
<pin id="152" dir="1" index="1" bw="6" slack="0"/>
</pin_list>
<bind>
<opcode="zext(34) " fcode="zext"/>
<opset="tmp_2_cast/3 "/>
</bind>
</comp>

<comp id="154" class="1004" name="tmp_5_fu_154">
<pin_list>
<pin id="155" dir="0" index="0" bw="6" slack="1"/>
<pin id="156" dir="0" index="1" bw="2" slack="0"/>
<pin id="157" dir="1" index="2" bw="6" slack="0"/>
</pin_list>
<bind>
<opcode="add(8) " fcode="add"/>
<opset="tmp_5/3 "/>
</bind>
</comp>

<comp id="159" class="1004" name="tmp_5_cast_fu_159">
<pin_list>
<pin id="160" dir="0" index="0" bw="6" slack="0"/>
<pin id="161" dir="1" index="1" bw="64" slack="0"/>
</pin_list>
<bind>
<opcode="sext(35) " fcode="sext"/>
<opset="tmp_5_cast/3 "/>
</bind>
</comp>

<comp id="164" class="1004" name="min_sum_distances_1_s_fu_164">
<pin_list>
<pin id="165" dir="0" index="0" bw="8" slack="0"/>
<pin id="166" dir="1" index="1" bw="32" slack="0"/>
</pin_list>
<bind>
<opcode="zext(34) " fcode="zext"/>
<opset="min_sum_distances_1_s/3 "/>
</bind>
</comp>

<comp id="168" class="1004" name="tmp_1_fu_168">
<pin_list>
<pin id="169" dir="0" index="0" bw="8" slack="0"/>
<pin id="170" dir="0" index="1" bw="32" slack="1"/>
<pin id="171" dir="1" index="2" bw="1" slack="0"/>
</pin_list>
<bind>
<opcode="icmp(45) " fcode="icmp"/>
<opset="tmp_1/3 "/>
</bind>
</comp>

<comp id="174" class="1004" name="sum_distances_1_min_s_fu_174">
<pin_list>
<pin id="175" dir="0" index="0" bw="1" slack="0"/>
<pin id="176" dir="0" index="1" bw="8" slack="0"/>
<pin id="177" dir="0" index="2" bw="32" slack="1"/>
<pin id="178" dir="1" index="3" bw="32" slack="1"/>
</pin_list>
<bind>
<opcode="select(49) " fcode="select"/>
<opset="sum_distances_1_min_s/3 "/>
</bind>
</comp>

<comp id="182" class="1004" name="i_0_digit_recognized_fu_182">
<pin_list>
<pin id="183" dir="0" index="0" bw="1" slack="0"/>
<pin id="184" dir="0" index="1" bw="4" slack="1"/>
<pin id="185" dir="0" index="2" bw="32" slack="1"/>
<pin id="186" dir="1" index="3" bw="32" slack="1"/>
</pin_list>
<bind>
<opcode="select(49) " fcode="select"/>
<opset="i_0_digit_recognized/3 "/>
</bind>
</comp>

<comp id="189" class="1004" name="tmp_3_cast_fu_189">
<pin_list>
<pin id="190" dir="0" index="0" bw="6" slack="0"/>
<pin id="191" dir="1" index="1" bw="8" slack="0"/>
</pin_list>
<bind>
<opcode="zext(34) " fcode="zext"/>
<opset="tmp_3_cast/4 "/>
</bind>
</comp>

<comp id="193" class="1004" name="sum_distances_fu_193">
<pin_list>
<pin id="194" dir="0" index="0" bw="8" slack="1"/>
<pin id="195" dir="0" index="1" bw="6" slack="0"/>
<pin id="196" dir="1" index="2" bw="8" slack="1"/>
</pin_list>
<bind>
<opcode="add(8) " fcode="add"/>
<opset="sum_distances/4 "/>
</bind>
</comp>

<comp id="199" class="1005" name="digit_recognized_cas_reg_199">
<pin_list>
<pin id="200" dir="0" index="0" bw="32" slack="1"/>
<pin id="201" dir="1" index="1" bw="32" slack="1"/>
</pin_list>
<bind>
<opset="digit_recognized_cas "/>
</bind>
</comp>

<comp id="207" class="1005" name="i_reg_207">
<pin_list>
<pin id="208" dir="0" index="0" bw="4" slack="0"/>
<pin id="209" dir="1" index="1" bw="4" slack="0"/>
</pin_list>
<bind>
<opset="i "/>
</bind>
</comp>

<comp id="212" class="1005" name="tmp_4_reg_212">
<pin_list>
<pin id="213" dir="0" index="0" bw="6" slack="1"/>
<pin id="214" dir="1" index="1" bw="6" slack="1"/>
</pin_list>
<bind>
<opset="tmp_4 "/>
</bind>
</comp>

<comp id="220" class="1005" name="j_1_reg_220">
<pin_list>
<pin id="221" dir="0" index="0" bw="2" slack="0"/>
<pin id="222" dir="1" index="1" bw="2" slack="0"/>
</pin_list>
<bind>
<opset="j_1 "/>
</bind>
</comp>

<comp id="225" class="1005" name="knn_set_V_addr_reg_225">
<pin_list>
<pin id="226" dir="0" index="0" bw="5" slack="1"/>
<pin id="227" dir="1" index="1" bw="5" slack="1"/>
</pin_list>
<bind>
<opset="knn_set_V_addr "/>
</bind>
</comp>

<comp id="230" class="1005" name="sum_distances_1_min_s_reg_230">
<pin_list>
<pin id="231" dir="0" index="0" bw="32" slack="1"/>
<pin id="232" dir="1" index="1" bw="32" slack="1"/>
</pin_list>
<bind>
<opset="sum_distances_1_min_s "/>
</bind>
</comp>

<comp id="235" class="1005" name="i_0_digit_recognized_reg_235">
<pin_list>
<pin id="236" dir="0" index="0" bw="32" slack="1"/>
<pin id="237" dir="1" index="1" bw="32" slack="1"/>
</pin_list>
<bind>
<opset="i_0_digit_recognized "/>
</bind>
</comp>

<comp id="240" class="1005" name="sum_distances_reg_240">
<pin_list>
<pin id="241" dir="0" index="0" bw="8" slack="1"/>
<pin id="242" dir="1" index="1" bw="8" slack="1"/>
</pin_list>
<bind>
<opset="sum_distances "/>
</bind>
</comp>

</comp_list>

<net_list>
<net id="35"><net_src comp="0" pin="0"/><net_sink comp="30" pin=0"/></net>

<net id="36"><net_src comp="28" pin="0"/><net_sink comp="30" pin=1"/></net>

<net id="41"><net_src comp="30" pin="3"/><net_sink comp="37" pin=0"/></net>

<net id="45"><net_src comp="2" pin="0"/><net_sink comp="42" pin=0"/></net>

<net id="52"><net_src comp="42" pin="1"/><net_sink comp="46" pin=0"/></net>

<net id="53"><net_src comp="46" pin="4"/><net_sink comp="42" pin=0"/></net>

<net id="57"><net_src comp="4" pin="0"/><net_sink comp="54" pin=0"/></net>

<net id="64"><net_src comp="54" pin="1"/><net_sink comp="58" pin=0"/></net>

<net id="65"><net_src comp="58" pin="4"/><net_sink comp="54" pin=0"/></net>

<net id="69"><net_src comp="6" pin="0"/><net_sink comp="66" pin=0"/></net>

<net id="76"><net_src comp="66" pin="1"/><net_sink comp="70" pin=0"/></net>

<net id="80"><net_src comp="20" pin="0"/><net_sink comp="77" pin=0"/></net>

<net id="87"><net_src comp="77" pin="1"/><net_sink comp="81" pin=2"/></net>

<net id="88"><net_src comp="81" pin="4"/><net_sink comp="77" pin=0"/></net>

<net id="92"><net_src comp="18" pin="0"/><net_sink comp="89" pin=0"/></net>

<net id="99"><net_src comp="89" pin="1"/><net_sink comp="93" pin=2"/></net>

<net id="103"><net_src comp="70" pin="4"/><net_sink comp="100" pin=0"/></net>

<net id="108"><net_src comp="70" pin="4"/><net_sink comp="104" pin=0"/></net>

<net id="109"><net_src comp="8" pin="0"/><net_sink comp="104" pin=1"/></net>

<net id="114"><net_src comp="70" pin="4"/><net_sink comp="110" pin=0"/></net>

<net id="115"><net_src comp="14" pin="0"/><net_sink comp="110" pin=1"/></net>

<net id="119"><net_src comp="70" pin="4"/><net_sink comp="116" pin=0"/></net>

<net id="125"><net_src comp="16" pin="0"/><net_sink comp="120" pin=0"/></net>

<net id="126"><net_src comp="70" pin="4"/><net_sink comp="120" pin=1"/></net>

<net id="127"><net_src comp="18" pin="0"/><net_sink comp="120" pin=2"/></net>

<net id="132"><net_src comp="120" pin="3"/><net_sink comp="128" pin=0"/></net>

<net id="133"><net_src comp="116" pin="1"/><net_sink comp="128" pin=1"/></net>

<net id="137"><net_src comp="58" pin="4"/><net_sink comp="134" pin=0"/></net>

<net id="142"><net_src comp="93" pin="4"/><net_sink comp="138" pin=0"/></net>

<net id="143"><net_src comp="22" pin="0"/><net_sink comp="138" pin=1"/></net>

<net id="148"><net_src comp="93" pin="4"/><net_sink comp="144" pin=0"/></net>

<net id="149"><net_src comp="26" pin="0"/><net_sink comp="144" pin=1"/></net>

<net id="153"><net_src comp="93" pin="4"/><net_sink comp="150" pin=0"/></net>

<net id="158"><net_src comp="150" pin="1"/><net_sink comp="154" pin=1"/></net>

<net id="162"><net_src comp="154" pin="2"/><net_sink comp="159" pin=0"/></net>

<net id="163"><net_src comp="159" pin="1"/><net_sink comp="30" pin=2"/></net>

<net id="167"><net_src comp="81" pin="4"/><net_sink comp="164" pin=0"/></net>

<net id="172"><net_src comp="164" pin="1"/><net_sink comp="168" pin=0"/></net>

<net id="173"><net_src comp="42" pin="1"/><net_sink comp="168" pin=1"/></net>

<net id="179"><net_src comp="168" pin="2"/><net_sink comp="174" pin=0"/></net>

<net id="180"><net_src comp="164" pin="1"/><net_sink comp="174" pin=1"/></net>

<net id="181"><net_src comp="42" pin="1"/><net_sink comp="174" pin=2"/></net>

<net id="187"><net_src comp="168" pin="2"/><net_sink comp="182" pin=0"/></net>

<net id="188"><net_src comp="54" pin="1"/><net_sink comp="182" pin=2"/></net>

<net id="192"><net_src comp="37" pin="2"/><net_sink comp="189" pin=0"/></net>

<net id="197"><net_src comp="77" pin="1"/><net_sink comp="193" pin=0"/></net>

<net id="198"><net_src comp="189" pin="1"/><net_sink comp="193" pin=1"/></net>

<net id="202"><net_src comp="100" pin="1"/><net_sink comp="199" pin=0"/></net>

<net id="203"><net_src comp="199" pin="1"/><net_sink comp="182" pin=1"/></net>

<net id="210"><net_src comp="110" pin="2"/><net_sink comp="207" pin=0"/></net>

<net id="211"><net_src comp="207" pin="1"/><net_sink comp="70" pin=2"/></net>

<net id="215"><net_src comp="128" pin="2"/><net_sink comp="212" pin=0"/></net>

<net id="216"><net_src comp="212" pin="1"/><net_sink comp="154" pin=0"/></net>

<net id="223"><net_src comp="144" pin="2"/><net_sink comp="220" pin=0"/></net>

<net id="224"><net_src comp="220" pin="1"/><net_sink comp="93" pin=0"/></net>

<net id="228"><net_src comp="30" pin="3"/><net_sink comp="225" pin=0"/></net>

<net id="229"><net_src comp="225" pin="1"/><net_sink comp="37" pin=0"/></net>

<net id="233"><net_src comp="174" pin="3"/><net_sink comp="230" pin=0"/></net>

<net id="234"><net_src comp="230" pin="1"/><net_sink comp="46" pin=2"/></net>

<net id="238"><net_src comp="182" pin="3"/><net_sink comp="235" pin=0"/></net>

<net id="239"><net_src comp="235" pin="1"/><net_sink comp="58" pin=2"/></net>

<net id="243"><net_src comp="193" pin="2"/><net_sink comp="240" pin=0"/></net>

<net id="244"><net_src comp="240" pin="1"/><net_sink comp="81" pin=0"/></net>

</net_list>

</model> 
---------------- Datapath Model END ------------------

* FSMD analyzer results:
  - Output states:
 - Input state : 
	Port: knn_vote : knn_set_V | {3 4 }
  - Chain level:
	State 1
	State 2
		digit_recognized_cas : 1
		exitcond7 : 1
		i : 1
		StgValue_13 : 2
		tmp_cast : 1
		tmp : 1
		tmp_4 : 2
		tmp_6 : 1
		StgValue_19 : 2
	State 3
		exitcond : 1
		j_1 : 1
		StgValue_25 : 2
		tmp_2_cast : 1
		tmp_5 : 2
		tmp_5_cast : 3
		knn_set_V_addr : 4
		knn_set_V_load : 5
		min_sum_distances_1_s : 1
		tmp_1 : 2
		sum_distances_1_min_s : 3
		i_0_digit_recognized : 3
	State 4
		tmp_3_cast : 1
		sum_distances : 2


============================================================
+ Verbose Summary: Datapath Resource usage 
============================================================

* Functional unit list:
|----------|------------------------------|---------|---------|
| Operation|        Functional Unit       |    FF   |   LUT   |
|----------|------------------------------|---------|---------|
|  select  | sum_distances_1_min_s_fu_174 |    0    |    32   |
|          |  i_0_digit_recognized_fu_182 |    0    |    32   |
|----------|------------------------------|---------|---------|
|          |           i_fu_110           |    0    |    13   |
|    add   |          j_1_fu_144          |    0    |    10   |
|          |         tmp_5_fu_154         |    0    |    15   |
|          |     sum_distances_fu_193     |    0    |    15   |
|----------|------------------------------|---------|---------|
|          |       exitcond7_fu_104       |    0    |    9    |
|   icmp   |        exitcond_fu_138       |    0    |    8    |
|          |         tmp_1_fu_168         |    0    |    18   |
|----------|------------------------------|---------|---------|
|    sub   |         tmp_4_fu_128         |    0    |    15   |
|----------|------------------------------|---------|---------|
|          |  digit_recognized_cas_fu_100 |    0    |    0    |
|          |        tmp_cast_fu_116       |    0    |    0    |
|   zext   |       tmp_2_cast_fu_150      |    0    |    0    |
|          | min_sum_distances_1_s_fu_164 |    0    |    0    |
|          |       tmp_3_cast_fu_189      |    0    |    0    |
|----------|------------------------------|---------|---------|
|bitconcatenate|          tmp_fu_120          |    0    |    0    |
|----------|------------------------------|---------|---------|
|   trunc  |         tmp_6_fu_134         |    0    |    0    |
|----------|------------------------------|---------|---------|
|   sext   |       tmp_5_cast_fu_159      |    0    |    0    |
|----------|------------------------------|---------|---------|
|   Total  |                              |    0    |   167   |
|----------|------------------------------|---------|---------|

Memories:
N/A

* Register list:
+-----------------------------+--------+
|                             |   FF   |
+-----------------------------+--------+
| digit_recognized_cas_reg_199|   32   |
|   digit_recognized_reg_66   |    4   |
| i_0_digit_recognized_reg_235|   32   |
|          i_reg_207          |    4   |
|         j_1_reg_220         |    2   |
|           j_reg_89          |    2   |
|    knn_set_V_addr_reg_225   |    5   |
|  min_sum_distances_1_reg_77 |    8   |
|   min_sum_distances_reg_42  |   32   |
|sum_distances_1_min_s_reg_230|   32   |
|    sum_distances_reg_240    |    8   |
|        tmp_4_reg_212        |    6   |
|      val_assign_reg_54      |   32   |
+-----------------------------+--------+
|            Total            |   199  |
+-----------------------------+--------+

* Multiplexer (MUX) list: 
|----------------------------|------|------|------|--------||---------||---------|
|            Comp            |  Pin | Size |  BW  | S x BW ||  Delay  ||   LUT   |
|----------------------------|------|------|------|--------||---------||---------|
|      grp_access_fu_37      |  p0  |   2  |   5  |   10   ||    9    |
|  min_sum_distances_reg_42  |  p0  |   2  |  32  |   64   ||    9    |
|      val_assign_reg_54     |  p0  |   2  |  32  |   64   ||    9    |
| min_sum_distances_1_reg_77 |  p0  |   2  |   8  |   16   ||    9    |
|----------------------------|------|------|------|--------||---------||---------|
|            Total           |      |      |      |   154  ||  7.076  ||    36   |
|----------------------------|------|------|------|--------||---------||---------|



* Summary:
+-----------+--------+--------+--------+
|           |  Delay |   FF   |   LUT  |
+-----------+--------+--------+--------+
|  Function |    -   |    0   |   167  |
|   Memory  |    -   |    -   |    -   |
|Multiplexer|    7   |    -   |   36   |
|  Register |    -   |   199  |    -   |
+-----------+--------+--------+--------+
|   Total   |    7   |   199  |   203  |
+-----------+--------+--------+--------+
