

================================================================
== Vivado HLS Report for 'digitrec'
================================================================
* Date:           Tue Feb 20 21:13:17 2018

* Version:        2017.4 (Build 2086221 on Fri Dec 15 21:13:33 MST 2017)
* Project:        2-nn.prj
* Solution:       solution1
* Product family: zynq
* Target device:  xc7z020clg484-1


================================================================
== Performance Estimates
================================================================
+ Timing (ns): 
    * Summary: 
    +--------+-------+----------+------------+
    |  Clock | Target| Estimated| Uncertainty|
    +--------+-------+----------+------------+
    |ap_clk  |  10.00|      5.31|        1.25|
    +--------+-------+----------+------------+

+ Latency (clock cycles): 
    * Summary: 
    +--------+--------+--------+--------+---------+
    |     Latency     |     Interval    | Pipeline|
    |   min  |   max  |   min  |   max  |   Type  |
    +--------+--------+--------+--------+---------+
    |  993704|  993704|  993704|  993704|   none  |
    +--------+--------+--------+--------+---------+

    + Detail: 
        * Instance: 
        +-----------------------+------------+-----+-----+-----+-----+---------+
        |                       |            |  Latency  |  Interval | Pipeline|
        |        Instance       |   Module   | min | max | min | max |   Type  |
        +-----------------------+------------+-----+-----+-----+-----+---------+
        |grp_knn_vote_fu_156    |knn_vote    |   61|   61|   61|   61|   none  |
        |grp_update_knn_fu_161  |update_knn  |   52|   52|   52|   52|   none  |
        +-----------------------+------------+-----+-----+-----+-----+---------+

        * Loop: 
        +-------------+--------+--------+----------+-----------+-----------+------+----------+
        |             |     Latency     | Iteration|  Initiation Interval  | Trip |          |
        |  Loop Name  |   min  |   max  |  Latency |  achieved |   target  | Count| Pipelined|
        +-------------+--------+--------+----------+-----------+-----------+------+----------+
        |- Loop 1     |      40|      40|         4|          -|          -|    10|    no    |
        | + Loop 1.1  |       2|       2|         1|          -|          -|     2|    no    |
        |- loop2      |  993600|  993600|       552|          -|          -|  1800|    no    |
        | + loop2_1   |     550|     550|        55|          -|          -|    10|    no    |
        +-------------+--------+--------+----------+-----------+-----------+------+----------+



================================================================
== Utilization Estimates
================================================================
* Summary: 
+-----------------+---------+-------+--------+-------+
|       Name      | BRAM_18K| DSP48E|   FF   |  LUT  |
+-----------------+---------+-------+--------+-------+
|DSP              |        -|      -|       -|      -|
|Expression       |        -|      -|       0|    153|
|FIFO             |        -|      -|       -|      -|
|Instance         |        -|      -|     179|    431|
|Memory           |       97|      -|       0|      0|
|Multiplexer      |        -|      -|       -|    179|
|Register         |        -|      -|     143|      -|
+-----------------+---------+-------+--------+-------+
|Total            |       97|      0|     322|    763|
+-----------------+---------+-------+--------+-------+
|Available        |      280|    220|  106400|  53200|
+-----------------+---------+-------+--------+-------+
|Utilization (%)  |       34|      0|   ~0   |      1|
+-----------------+---------+-------+--------+-------+

+ Detail: 
    * Instance: 
    +-----------------------+------------+---------+-------+----+-----+
    |        Instance       |   Module   | BRAM_18K| DSP48E| FF | LUT |
    +-----------------------+------------+---------+-------+----+-----+
    |grp_knn_vote_fu_156    |knn_vote    |        0|      0|  99|  225|
    |grp_update_knn_fu_161  |update_knn  |        0|      0|  80|  206|
    +-----------------------+------------+---------+-------+----+-----+
    |Total                  |            |        0|      0| 179|  431|
    +-----------------------+------------+---------+-------+----+-----+

    * DSP48: 
    N/A

    * Memory: 
    +-------------------+----------------------+---------+---+----+-------+-----+------+-------------+
    |       Memory      |        Module        | BRAM_18K| FF| LUT| Words | Bits| Banks| W*Bits*Banks|
    +-------------------+----------------------+---------+---+----+-------+-----+------+-------------+
    |knn_set_V_U        |digitrec_knn_set_V    |        1|  0|   0|     20|    6|     1|          120|
    |training_data_V_U  |digitrec_trainingbkb  |       96|  0|   0|  18000|   48|     1|       864000|
    +-------------------+----------------------+---------+---+----+-------+-----+------+-------------+
    |Total              |                      |       97|  0|   0|  18020|   54|     2|       864120|
    +-------------------+----------------------+---------+---+----+-------+-----+------+-------------+

    * FIFO: 
    N/A

    * Expression: 
    +---------------------+----------+-------+---+----+------------+------------+
    |    Variable Name    | Operation| DSP48E| FF| LUT| Bitwidth P0| Bitwidth P1|
    +---------------------+----------+-------+---+----+------------+------------+
    |i_1_fu_177_p2        |     +    |      0|  0|  13|           4|           1|
    |i_2_fu_231_p2        |     +    |      0|  0|  18|          11|           1|
    |j_2_fu_243_p2        |     +    |      0|  0|  13|           4|           1|
    |k_1_fu_201_p2        |     +    |      0|  0|  10|           2|           1|
    |next_mul_fu_249_p2   |     +    |      0|  0|  22|          15|          11|
    |tmp_5_fu_255_p2      |     +    |      0|  0|  22|          15|          15|
    |tmp_8_fu_211_p2      |     +    |      0|  0|  15|           6|           6|
    |exitcond1_fu_171_p2  |   icmp   |      0|  0|   9|           4|           4|
    |exitcond2_fu_225_p2  |   icmp   |      0|  0|  13|          11|           9|
    |exitcond3_fu_195_p2  |   icmp   |      0|  0|   9|           2|           3|
    |exitcond_fu_237_p2   |   icmp   |      0|  0|   9|           4|           4|
    +---------------------+----------+-------+---+----+------------+------------+
    |Total                |          |      0|  0| 153|          78|          56|
    +---------------------+----------+-------+---+----+------------+------------+

    * Multiplexer: 
    +--------------------+----+-----------+-----+-----------+
    |        Name        | LUT| Input Size| Bits| Total Bits|
    +--------------------+----+-----------+-----+-----------+
    |ap_NS_fsm           |  44|          9|    1|          9|
    |i4_reg_122          |   9|          2|   11|         22|
    |i_reg_100           |   9|          2|    4|          8|
    |j_reg_133           |   9|          2|    4|          8|
    |k_reg_111           |   9|          2|    2|          4|
    |knn_set_V_address0  |  21|          4|    5|         20|
    |knn_set_V_ce0       |  21|          4|    1|          4|
    |knn_set_V_ce1       |   9|          2|    1|          2|
    |knn_set_V_d0        |  15|          3|    6|         18|
    |knn_set_V_we0       |  15|          3|    1|          3|
    |knn_set_V_we1       |   9|          2|    1|          2|
    |phi_mul_reg_145     |   9|          2|   15|         30|
    +--------------------+----+-----------+-----+-----------+
    |Total               | 179|         37|   52|        130|
    +--------------------+----+-----------+-----+-----------+

    * Register: 
    +---------------------------------------+----+----+-----+-----------+
    |                  Name                 | FF | LUT| Bits| Const Bits|
    +---------------------------------------+----+----+-----+-----------+
    |ap_CS_fsm                              |   8|   0|    8|          0|
    |ap_reg_grp_knn_vote_fu_156_ap_start    |   1|   0|    1|          0|
    |ap_reg_grp_update_knn_fu_161_ap_start  |   1|   0|    1|          0|
    |i4_cast3_reg_291                       |  11|   0|   15|          4|
    |i4_reg_122                             |  11|   0|   11|          0|
    |i_1_reg_273                            |   4|   0|    4|          0|
    |i_2_reg_299                            |  11|   0|   11|          0|
    |i_reg_100                              |   4|   0|    4|          0|
    |j_2_reg_307                            |   4|   0|    4|          0|
    |j_reg_133                              |   4|   0|    4|          0|
    |k_reg_111                              |   2|   0|    2|          0|
    |next_mul_reg_312                       |  15|   0|   15|          0|
    |phi_mul_reg_145                        |  15|   0|   15|          0|
    |tmp_7_cast_reg_278                     |   4|   0|    6|          2|
    |training_instance_V_reg_322            |  48|   0|   48|          0|
    +---------------------------------------+----+----+-----+-----------+
    |Total                                  | 143|   0|  149|          6|
    +---------------------------------------+----+----+-----+-----------+



================================================================
== Interface
================================================================
* Summary: 
+-----------+-----+-----+------------+--------------+--------------+
| RTL Ports | Dir | Bits|  Protocol  | Source Object|    C Type    |
+-----------+-----+-----+------------+--------------+--------------+
|ap_clk     |  in |    1| ap_ctrl_hs |   digitrec   | return value |
|ap_rst     |  in |    1| ap_ctrl_hs |   digitrec   | return value |
|ap_start   |  in |    1| ap_ctrl_hs |   digitrec   | return value |
|ap_done    | out |    1| ap_ctrl_hs |   digitrec   | return value |
|ap_idle    | out |    1| ap_ctrl_hs |   digitrec   | return value |
|ap_ready   | out |    1| ap_ctrl_hs |   digitrec   | return value |
|ap_return  | out |    4| ap_ctrl_hs |   digitrec   | return value |
|input_V    |  in |   49|   ap_none  |    input_V   |    scalar    |
+-----------+-----+-----+------------+--------------+--------------+

